// Jest Snapshot v1, https://goo.gl/fbAQLP

exports[`Should render ParticipantsForm component 1`] = `
<div>
  <form
    onSubmit={[MockFunction]}
  >
    <label
      htmlFor="participant"
    >
      Add Participant
    </label>
    <input
      id="participant"
      onChange={[Function]}
      type="email"
      value=""
    />
    <button
      id="addParticipant"
    >
      Add Participant
    </button>
  </form>
</div>
`;
